
> vite-react-typescript-starter@0.5.1 test:web:viewer:policy
> node --import ./tests/mobile-closure/register.mjs --test ./tests/live-browser/access-policy.test.mjs

TAP version 13
# Subtest: loopback same-origin operator may obtain a watch ticket
ok 1 - loopback same-origin operator may obtain a watch ticket
  ---
  duration_ms: 1.741045
  type: 'test'
  ...
# Subtest: deny remote client
ok 2 - deny remote client
  ---
  duration_ms: 0.409865
  type: 'test'
  ...
# Subtest: deny DNS rebinding
ok 3 - deny DNS rebinding
  ---
  duration_ms: 0.164326
  type: 'test'
  ...
# Subtest: deny cross-origin
ok 4 - deny cross-origin
  ---
  duration_ms: 0.145439
  type: 'test'
  ...
# Subtest: deny missing origin on write
ok 5 - deny missing origin on write
  ---
  duration_ms: 0.101803
  type: 'test'
  ...
# Subtest: deny cross-site fetch
ok 6 - deny cross-site fetch
  ---
  duration_ms: 0.088363
  type: 'test'
  ...
# Subtest: deny forwarded client
ok 7 - deny forwarded client
  ---
  duration_ms: 0.124597
  type: 'test'
  ...
# Subtest: deny spoofed identity
ok 8 - deny spoofed identity
  ---
  duration_ms: 0.082654
  type: 'test'
  ...
# Subtest: deny duplicate origin
ok 9 - deny duplicate origin
  ---
  duration_ms: 0.207982
  type: 'test'
  ...
# Subtest: metadata can be loaded by same-origin fetch without Origin
ok 10 - metadata can be loaded by same-origin fetch without Origin
  ---
  duration_ms: 0.347201
  type: 'test'
  ...
# Subtest: trusted auth proxy must explicitly grant this run
ok 11 - trusted auth proxy must explicitly grant this run
  ---
  duration_ms: 0.253691
  type: 'test'
  ...
# Subtest: deny untrusted proxy socket
ok 12 - deny untrusted proxy socket
  ---
  duration_ms: 0.164487
  type: 'test'
  ...
# Subtest: deny wrong proxy secret
ok 13 - deny wrong proxy secret
  ---
  duration_ms: 0.102474
  type: 'test'
  ...
# Subtest: deny missing identity
ok 14 - deny missing identity
  ---
  duration_ms: 0.109144
  type: 'test'
  ...
# Subtest: deny wildcard run grants
ok 15 - deny wildcard run grants
  ---
  duration_ms: 0.095924
  type: 'test'
  ...
# Subtest: deny different run grants
ok 16 - deny different run grants
  ---
  duration_ms: 0.127451
  type: 'test'
  ...
# Subtest: deny proxy cross origin
ok 17 - deny proxy cross origin
  ---
  duration_ms: 0.101042
  type: 'test'
  ...
# Subtest: remote mode requires an exact HTTPS public origin
ok 18 - remote mode requires an exact HTTPS public origin
  ---
  duration_ms: 0.111718
  type: 'test'
  ...
# Subtest: a short shared secret cannot authorize a proxy
ok 19 - a short shared secret cannot authorize a proxy
  ---
  duration_ms: 0.100981
  type: 'test'
  ...
# Subtest: unknown access mode fails closed
ok 20 - unknown access mode fails closed
  ---
  duration_ms: 0.07354
  type: 'test'
  ...
# Subtest: ticket is unpredictable, single use and 30s bounded
ok 21 - ticket is unpredictable, single use and 30s bounded
  ---
  duration_ms: 0.768665
  type: 'test'
  ...
# Subtest: ticket denies other principal
ok 22 - ticket denies other principal
  ---
  duration_ms: 0.166901
  type: 'test'
  ...
# Subtest: ticket denies other origin
ok 23 - ticket denies other origin
  ---
  duration_ms: 0.10003
  type: 'test'
  ...
# Subtest: ticket denies other run
ok 24 - ticket denies other run
  ---
  duration_ms: 0.082705
  type: 'test'
  ...
# Subtest: ticket denies other session
ok 25 - ticket denies other session
  ---
  duration_ms: 0.076996
  type: 'test'
  ...
# Subtest: ticket quota limits an authenticated principal and expiry releases quota
ok 26 - ticket quota limits an authenticated principal and expiry releases quota
  ---
  duration_ms: 1.65117
  type: 'test'
  ...
1..26
# tests 26
# suites 0
# pass 26
# fail 0
# cancelled 0
# skipped 0
# todo 0
# duration_ms 411.811678
