
> vite-react-typescript-starter@0.5.1 test:mobile:closure:adapters
> node ./scripts/run-mobile-closure-tests.mjs --adapters

MODE: explicit TEST adapters (node:sqlite); NOT native-addon, Express/browser, mitmproxy TLS, or Android device acceptance.
TAP version 13
# (node:3226) ExperimentalWarning: SQLite is an experimental feature and might change at any time
# (Use `node --trace-warnings ...` to show where the warning was created)
# Subtest: HTTPS validator accepts explicit JSON Pointer, status and exact host
ok 1 - HTTPS validator accepts explicit JSON Pointer, status and exact host
  ---
  duration_ms: 2.737863
  type: 'test'
  ...
# Subtest: HTTPS plan rejects HTTP URL
ok 2 - HTTPS plan rejects HTTP URL
  ---
  duration_ms: 0.349201
  type: 'test'
  ...
# Subtest: HTTPS plan rejects credentials
ok 3 - HTTPS plan rejects credentials
  ---
  duration_ms: 0.20425
  type: 'test'
  ...
# Subtest: HTTPS plan rejects fragment
ok 4 - HTTPS plan rejects fragment
  ---
  duration_ms: 1.299967
  type: 'test'
  ...
# Subtest: HTTPS plan rejects outside allowlist
ok 5 - HTTPS plan rejects outside allowlist
  ---
  duration_ms: 0.163589
  type: 'test'
  ...
# Subtest: HTTPS plan rejects missing response
ok 6 - HTTPS plan rejects missing response
  ---
  duration_ms: 0.101014
  type: 'test'
  ...
# Subtest: HTTPS plan rejects bad status
ok 7 - HTTPS plan rejects bad status
  ---
  duration_ms: 0.219824
  type: 'test'
  ...
# Subtest: HTTPS plan rejects lowercase method
ok 8 - HTTPS plan rejects lowercase method
  ---
  duration_ms: 0.144259
  type: 'test'
  ...
# Subtest: HTTPS plan rejects misspelled assertion
ok 9 - HTTPS plan rejects misspelled assertion
  ---
  duration_ms: 0.305765
  type: 'test'
  ...
# Subtest: HTTPS plan rejects bad pointer
ok 10 - HTTPS plan rejects bad pointer
  ---
  duration_ms: 0.485358
  type: 'test'
  ...
# Subtest: HTTPS plan rejects unknown match
ok 11 - HTTPS plan rejects unknown match
  ---
  duration_ms: 0.233074
  type: 'test'
  ...
# Subtest: HTTPS plan rejects zero maximum
ok 12 - HTTPS plan rejects zero maximum
  ---
  duration_ms: 0.093262
  type: 'test'
  ...
# Subtest: same-step complete HTTPS response satisfies business assertion
ok 13 - same-step complete HTTPS response satisfies business assertion
  ---
  duration_ms: 1.266587
  type: 'test'
  ...
# Subtest: HTTPS evidence rejects other run
ok 14 - HTTPS evidence rejects other run
  ---
  duration_ms: 0.174285
  type: 'test'
  ...
# Subtest: HTTPS evidence rejects other step
ok 15 - HTTPS evidence rejects other step
  ---
  duration_ms: 0.191992
  type: 'test'
  ...
# Subtest: HTTPS evidence rejects other capture
ok 16 - HTTPS evidence rejects other capture
  ---
  duration_ms: 0.220235
  type: 'test'
  ...
# Subtest: HTTPS evidence rejects other device
ok 17 - HTTPS evidence rejects other device
  ---
  duration_ms: 0.152682
  type: 'test'
  ...
# Subtest: HTTPS evidence rejects other App
ok 18 - HTTPS evidence rejects other App
  ---
  duration_ms: 0.106342
  type: 'test'
  ...
# Subtest: HTTPS evidence rejects stale
ok 19 - HTTPS evidence rejects stale
  ---
  duration_ms: 0.127304
  type: 'test'
  ...
# Subtest: HTTPS evidence rejects HTTP downgrade
ok 20 - HTTPS evidence rejects HTTP downgrade
  ---
  duration_ms: 0.217641
  type: 'test'
  ...
# Subtest: HTTPS evidence rejects no client TLS
ok 21 - HTTPS evidence rejects no client TLS
  ---
  duration_ms: 0.293096
  type: 'test'
  ...
# Subtest: HTTPS evidence rejects no server TLS
ok 22 - HTTPS evidence rejects no server TLS
  ---
  duration_ms: 0.147164
  type: 'test'
  ...
# Subtest: HTTPS evidence rejects unverified upstream
ok 23 - HTTPS evidence rejects unverified upstream
  ---
  duration_ms: 0.103517
  type: 'test'
  ...
# Subtest: HTTPS evidence rejects incomplete request
ok 24 - HTTPS evidence rejects incomplete request
  ---
  duration_ms: 0.085239
  type: 'test'
  ...
# Subtest: HTTPS evidence rejects incomplete response
ok 25 - HTTPS evidence rejects incomplete response
  ---
  duration_ms: 0.128826
  type: 'test'
  ...
# Subtest: HTTPS evidence rejects missing body
ok 26 - HTTPS evidence rejects missing body
  ---
  duration_ms: 0.092661
  type: 'test'
  ...
# Subtest: HTTPS evidence rejects wrong status
ok 27 - HTTPS evidence rejects wrong status
  ---
  duration_ms: 0.087813
  type: 'test'
  ...
# Subtest: HTTPS evidence rejects wrong JSON value
ok 28 - HTTPS evidence rejects wrong JSON value
  ---
  duration_ms: 0.106021
  type: 'test'
  ...
# Subtest: HTTPS evidence rejects bad JSON
ok 29 - HTTPS evidence rejects bad JSON
  ---
  duration_ms: 0.153493
  type: 'test'
  ...
# Subtest: HTTPS evidence rejects wrong method
ok 30 - HTTPS evidence rejects wrong method
  ---
  duration_ms: 0.091299
  type: 'test'
  ...
# Subtest: HTTPS evidence rejects missing flow ID
ok 31 - HTTPS evidence rejects missing flow ID
  ---
  duration_ms: 0.134645
  type: 'test'
  ...
# Subtest: wrong-status response is not hidden by a later success for the same endpoint
ok 32 - wrong-status response is not hidden by a later success for the same endpoint
  ---
  duration_ms: 0.200535
  type: 'test'
  ...
# Subtest: negative test accepts expected 401 instead of treating every non-2xx as failure
ok 33 - negative test accepts expected 401 instead of treating every non-2xx as failure
  ---
  duration_ms: 0.182237
  type: 'test'
  ...
# Subtest: request identity and case-insensitive response headers are asserted
ok 34 - request identity and case-insensitive response headers are asserted
  ---
  duration_ms: 0.344334
  type: 'test'
  ...
# Subtest: JSON Pointer escaping works and missing keys are not null
ok 35 - JSON Pointer escaping works and missing keys are not null
  ---
  duration_ms: 0.307858
  type: 'test'
  ...
# Subtest: count constraints deduplicate same flow ID and reject real duplicate requests
ok 36 - count constraints deduplicate same flow ID and reject real duplicate requests
  ---
  duration_ms: 0.301969
  type: 'test'
  ...
# Subtest: Appium XML uses native class tags, and is not mistaken for empty UIAutomator hierarchy
ok 37 - Appium XML uses native class tags, and is not mistaken for empty UIAutomator hierarchy
  ---
  duration_ms: 1.21025
  type: 'test'
  ...
# Subtest: real HTTPS: certificate validation, failed/successful login, session revocation, wrong hostname and plaintext failure
ok 38 - real HTTPS: certificate validation, failed/successful login, session revocation, wrong hostname and plaintext failure
  ---
  duration_ms: 192.89035
  type: 'test'
  ...
# Subtest: PROTOCOL FIXTURE + real HTTPS + SQL: native driver business flow, UI+network evidence, cleanup-gated PASS and tamper BLOCK
ok 39 - PROTOCOL FIXTURE + real HTTPS + SQL: native driver business flow, UI+network evidence, cleanup-gated PASS and tamper BLOCK
  ---
  duration_ms: 396.594145
  type: 'test'
  ...
# Subtest: PROTOCOL FIXTURE: no capture blocks; mutating click not retried
ok 40 - PROTOCOL FIXTURE: no capture blocks; mutating click not retried
  ---
  duration_ms: 574.184314
  type: 'test'
  ...
# Subtest: PROTOCOL FIXTURE: wrong HTTPS status blocks; mutating click not retried
ok 41 - PROTOCOL FIXTURE: wrong HTTPS status blocks; mutating click not retried
  ---
  duration_ms: 108.279925
  type: 'test'
  ...
# Subtest: PROTOCOL FIXTURE: wrong UI blocks; mutating click not retried
ok 42 - PROTOCOL FIXTURE: wrong UI blocks; mutating click not retried
  ---
  duration_ms: 513.180261
  type: 'test'
  ...
# Subtest: PROTOCOL FIXTURE: broken Appium source blocks; mutating click not retried
ok 43 - PROTOCOL FIXTURE: broken Appium source blocks; mutating click not retried
  ---
  duration_ms: 515.790842
  type: 'test'
  ...
# Subtest: Strict real driver rejects wrong returned UDID and does not fall back to ADB
ok 44 - Strict real driver rejects wrong returned UDID and does not fall back to ADB
  ---
  duration_ms: 44.221984
  type: 'test'
  ...
# Subtest: Strict driver taps/swipes/back exclusively through W3C Appium and releases pointer state
ok 45 - Strict driver taps/swipes/back exclusively through W3C Appium and releases pointer state
  ---
  duration_ms: 51.472332
  type: 'test'
  ...
# Subtest: Server test reservation excludes outside operations between lifecycle steps, but admits its own operations
ok 46 - Server test reservation excludes outside operations between lifecycle steps, but admits its own operations
  ---
  duration_ms: 0.723225
  type: 'test'
  ...
# Subtest: Server-owned test failure still stops session and persists BLOCK without creating any Appium success
ok 47 - Server-owned test failure still stops session and persists BLOCK without creating any Appium success
  ---
  duration_ms: 16.901677
  type: 'test'
  ...
# Subtest: UI-only flow is explicitly rejected as Appium HTTPS acceptance before any tap
ok 48 - UI-only flow is explicitly rejected as Appium HTTPS acceptance before any tap
  ---
  duration_ms: 17.963995
  type: 'test'
  ...
# Subtest: strict Appium requires explicit endpoint: no hidden ADB fallback
ok 49 - strict Appium requires explicit endpoint: no hidden ADB fallback
  ---
  duration_ms: 0.564044
  type: 'test'
  ...
# Subtest: strict proxy refuses HTTP reverse upstream and ssl_insecure before starting a process
ok 50 - strict proxy refuses HTTP reverse upstream and ssl_insecure before starting a process
  ---
  duration_ms: 1.112725
  type: 'test'
  ...
# (node:3227) ExperimentalWarning: SQLite is an experimental feature and might change at any time
# (Use `node --trace-warnings ...` to show where the warning was created)
# Subtest: strict contract cannot opt out of require_apk_install
ok 51 - strict contract cannot opt out of require_apk_install
  ---
  duration_ms: 6.738788
  type: 'test'
  ...
# Subtest: strict contract cannot opt out of require_explicit_app_identity
ok 52 - strict contract cannot opt out of require_explicit_app_identity
  ---
  duration_ms: 0.278723
  type: 'test'
  ...
# Subtest: strict contract cannot opt out of require_explicit_tls_evidence
ok 53 - strict contract cannot opt out of require_explicit_tls_evidence
  ---
  duration_ms: 0.22354
  type: 'test'
  ...
# Subtest: strict contract cannot opt out of require_capture_app_identity
ok 54 - strict contract cannot opt out of require_capture_app_identity
  ---
  duration_ms: 0.219484
  type: 'test'
  ...
# Subtest: strict contract cannot opt out of require_flow_steps
ok 55 - strict contract cannot opt out of require_flow_steps
  ---
  duration_ms: 0.122657
  type: 'test'
  ...
# Subtest: strict contract cannot opt out of require_flow_assertions
ok 56 - strict contract cannot opt out of require_flow_assertions
  ---
  duration_ms: 0.160685
  type: 'test'
  ...
# Subtest: strict contract cannot opt out of require_apk_attestation
ok 57 - strict contract cannot opt out of require_apk_attestation
  ---
  duration_ms: 0.101495
  type: 'test'
  ...
# Subtest: strict contract cannot opt out of require_proxy_certificate
ok 58 - strict contract cannot opt out of require_proxy_certificate
  ---
  duration_ms: 0.094664
  type: 'test'
  ...
# Subtest: invalid minimum NaN falls back to finite positive
ok 59 - invalid minimum NaN falls back to finite positive
  ---
  duration_ms: 0.363933
  type: 'test'
  ...
# Subtest: invalid minimum Infinity falls back to finite positive
ok 60 - invalid minimum Infinity falls back to finite positive
  ---
  duration_ms: 0.308689
  type: 'test'
  ...
# Subtest: invalid minimum -1 falls back to finite positive
ok 61 - invalid minimum -1 falls back to finite positive
  ---
  duration_ms: 0.096687
  type: 'test'
  ...
# Subtest: invalid minimum 0 falls back to finite positive
ok 62 - invalid minimum 0 falls back to finite positive
  ---
  duration_ms: 0.061354
  type: 'test'
  ...
# Subtest: invalid minimum bad falls back to finite positive
ok 63 - invalid minimum bad falls back to finite positive
  ---
  duration_ms: 0.066641
  type: 'test'
  ...
# Subtest: offline mode is explicitly non-real
ok 64 - offline mode is explicitly non-real
  ---
  duration_ms: 0.150348
  type: 'test'
  ...
# Subtest: legacy use_simulator cannot silently change strict runtime
ok 65 - legacy use_simulator cannot silently change strict runtime
  ---
  duration_ms: 0.089386
  type: 'test'
  ...
# Subtest: Java-only APK is not incorrectly rejected for missing native ABI
ok 66 - Java-only APK is not incorrectly rejected for missing native ABI
  ---
  duration_ms: 1.823638
  type: 'test'
  ...
# Subtest: incompatible native ABI rejected
ok 67 - incompatible native ABI rejected
  ---
  duration_ms: 0.266115
  type: 'test'
  ...
# Subtest: missing apk_path blocks strict manifest
ok 68 - missing apk_path blocks strict manifest
  ---
  duration_ms: 3.664933
  type: 'test'
  ...
# Subtest: missing apk_source blocks strict manifest
ok 69 - missing apk_source blocks strict manifest
  ---
  duration_ms: 0.137128
  type: 'test'
  ...
# Subtest: missing apk_sha256 blocks strict manifest
ok 70 - missing apk_sha256 blocks strict manifest
  ---
  duration_ms: 0.114334
  type: 'test'
  ...
# Subtest: missing apk_signer_sha256 blocks strict manifest
ok 71 - missing apk_signer_sha256 blocks strict manifest
  ---
  duration_ms: 0.094563
  type: 'test'
  ...
# Subtest: missing apk_package_name blocks strict manifest
ok 72 - missing apk_package_name blocks strict manifest
  ---
  duration_ms: 0.091169
  type: 'test'
  ...
# Subtest: device label is not an ADB serial
ok 73 - device label is not an ADB serial
  ---
  duration_ms: 0.254226
  type: 'test'
  ...
# Subtest: capture requires persisted successful apk_install
ok 74 - capture requires persisted successful apk_install
  ---
  duration_ms: 0.276741
  type: 'test'
  ...
# Subtest: capture requires persisted successful app_launch
ok 75 - capture requires persisted successful app_launch
  ---
  duration_ms: 0.133113
  type: 'test'
  ...
# Subtest: capture requires persisted successful flow_run
ok 76 - capture requires persisted successful flow_run
  ---
  duration_ms: 0.086511
  type: 'test'
  ...
# Subtest: manifest validation precedes certificate provisioning
ok 77 - manifest validation precedes certificate provisioning
  ---
  duration_ms: 0.147024
  type: 'test'
  ...
# Subtest: relative and fully-qualified activities are equivalent
ok 78 - relative and fully-qualified activities are equivalent
  ---
  duration_ms: 0.079942
  type: 'test'
  ...
# Subtest: invalid expectation rejected: {}
ok 79 - invalid expectation rejected: {}
  ---
  duration_ms: 0.147194
  type: 'test'
  ...
# Subtest: invalid expectation rejected: {"min_ui_nodes":null}
ok 80 - invalid expectation rejected: {"min_ui_nodes":null}
  ---
  duration_ms: 0.067753
  type: 'test'
  ...
# Subtest: invalid expectation rejected: {"min_ui_nodes":0}
ok 81 - invalid expectation rejected: {"min_ui_nodes":0}
  ---
  duration_ms: 0.044428
  type: 'test'
  ...
# Subtest: invalid expectation rejected: {"package":"test.authorized.app","absent":true}
ok 82 - invalid expectation rejected: {"package":"test.authorized.app","absent":true}
  ---
  duration_ms: 0.089887
  type: 'test'
  ...
# Subtest: invalid expectation rejected: {"text":"Login","enabled":"true"}
ok 83 - invalid expectation rejected: {"text":"Login","enabled":"true"}
  ---
  duration_ms: 0.129056
  type: 'test'
  ...
# Subtest: invalid expectation rejected: {"not_a_field":"x"}
ok 84 - invalid expectation rejected: {"not_a_field":"x"}
  ---
  duration_ms: 0.047802
  type: 'test'
  ...
# Subtest: invalid expectation rejected: {"text":""}
ok 85 - invalid expectation rejected: {"text":""}
  ---
  duration_ms: 8.644867
  type: 'test'
  ...
# Subtest: invalid expectation rejected: {"text":"x","match":"regex"}
ok 86 - invalid expectation rejected: {"text":"x","match":"regex"}
  ---
  duration_ms: 0.104809
  type: 'test'
  ...
# Subtest: selectors use conjunction, not OR
ok 87 - selectors use conjunction, not OR
  ---
  duration_ms: 0.253456
  type: 'test'
  ...
# Subtest: resource suffix is exact path component
ok 88 - resource suffix is exact path component
  ---
  duration_ms: 0.086131
  type: 'test'
  ...
# Subtest: contains matching must be explicitly requested
ok 89 - contains matching must be explicitly requested
  ---
  duration_ms: 0.080422
  type: 'test'
  ...
# Subtest: negative expectation detects present element
ok 90 - negative expectation detects present element
  ---
  duration_ms: 0.284202
  type: 'test'
  ...
# Subtest: missing observation cannot satisfy assertion
ok 91 - missing observation cannot satisfy assertion
  ---
  duration_ms: 0.094093
  type: 'test'
  ...
# Subtest: valid observation passes strict validation
ok 92 - valid observation passes strict validation
  ---
  duration_ms: 0.36153
  type: 'test'
  ...
# Subtest: invalid observation rejected: screenshot_base64
ok 93 - invalid observation rejected: screenshot_base64
  ---
  duration_ms: 0.188356
  type: 'test'
  ...
# Subtest: invalid observation rejected: ui_tree
ok 94 - invalid observation rejected: ui_tree
  ---
  duration_ms: 0.159463
  type: 'test'
  ...
# Subtest: invalid observation rejected: package
ok 95 - invalid observation rejected: package
  ---
  duration_ms: 0.115015
  type: 'test'
  ...
# Subtest: PNG signature distinguishes text
ok 96 - PNG signature distinguishes text
  ---
  duration_ms: 0.19098
  type: 'test'
  ...
# Subtest: malformed flow rejected before execution: []
ok 97 - malformed flow rejected before execution: []
  ---
  duration_ms: 0.159412
  type: 'test'
  ...
# Subtest: malformed flow rejected before execution: [{"action":"wait","ms":1}]
ok 98 - malformed flow rejected before execution: [{"action":"wait","ms":1}]
  ---
  duration_ms: 0.173384
  type: 'test'
  ...
# Subtest: malformed flow rejected before execution: [{"action":"tap","target":{"resource_id":"login"},"expect":{}}]
ok 99 - malformed flow rejected before execution: [{"action":"tap","target":{"resource_id":"login"},"expect":{}}]
  ---
  duration_ms: 0.073532
  type: 'test'
  ...
# Subtest: malformed flow rejected before execution: [{"action":"tap","expect":{"text":"Login"}}]
ok 100 - malformed flow rejected before execution: [{"action":"tap","expect":{"text":"Login"}}]
  ---
  duration_ms: 0.051819
  type: 'test'
  ...
# Subtest: malformed flow rejected before execution: [{"action":"swipe","x1":null,"y1":0,"x2":1,"y2":1,"expect":{"text":"Login"}}]
ok 101 - malformed flow rejected before execution: [{"action":"swipe","x1":null,"y1":0,"x2":1,"y2":1,"expect":{"text":"Login"}}]
  ---
  duration_ms: 0.063667
  type: 'test'
  ...
# Subtest: malformed flow rejected before execution: [{"action":"tap","target":{"resource_id":"login"},"expect":{"text":"Login"},"timeout_ms":null}]
ok 102 - malformed flow rejected before execution: [{"action":"tap","target":{"resource_id":"login"},"expect":{"text":"Login"},"timeout_ms":null}]
  ---
  duration_ms: 0.047422
  type: 'test'
  ...
# Subtest: malformed flow rejected before execution: [{"action":"type","target":{"resource_id":"login"},"value":{},"expect":{"text":"Login"}}]
ok 103 - malformed flow rejected before execution: [{"action":"type","target":{"resource_id":"login"},"value":{},"expect":{"text":"Login"}}]
  ---
  duration_ms: 0.215407
  type: 'test'
  ...
# Subtest: valid deterministic flow accepted
ok 104 - valid deterministic flow accepted
  ---
  duration_ms: 0.134164
  type: 'test'
  ...
# Subtest: capture rejection wrong_capture_session: {"capture_session_id":"old"}
ok 105 - capture rejection wrong_capture_session: {"capture_session_id":"old"}
  ---
  duration_ms: 4.040824
  type: 'test'
  ...
# Subtest: capture rejection wrong_device: {"device_id":"other"}
ok 106 - capture rejection wrong_device: {"device_id":"other"}
  ---
  duration_ms: 0.164481
  type: 'test'
  ...
# Subtest: capture rejection invalid_tls_response_or_package: {"app_package":"other"}
ok 107 - capture rejection invalid_tls_response_or_package: {"app_package":"other"}
  ---
  duration_ms: 0.083658
  type: 'test'
  ...
# Subtest: capture rejection invalid_tls_response_or_package: {"tls_decrypted":false}
ok 108 - capture rejection invalid_tls_response_or_package: {"tls_decrypted":false}
  ---
  duration_ms: 0.073341
  type: 'test'
  ...
# Subtest: capture rejection invalid_tls_response_or_package: {"response_status":null}
ok 109 - capture rejection invalid_tls_response_or_package: {"response_status":null}
  ---
  duration_ms: 0.070377
  type: 'test'
  ...
# Subtest: capture rejection invalid_tls_response_or_package: {"response_status":0}
ok 110 - capture rejection invalid_tls_response_or_package: {"response_status":0}
  ---
  duration_ms: 0.063286
  type: 'test'
  ...
# Subtest: capture rejection invalid_tls_response_or_package: {"response_status":"200"}
ok 111 - capture rejection invalid_tls_response_or_package: {"response_status":"200"}
  ---
  duration_ms: 0.064809
  type: 'test'
  ...
# Subtest: capture rejection invalid_tls_response_or_package: {"method":"connect"}
ok 112 - capture rejection invalid_tls_response_or_package: {"method":"connect"}
  ---
  duration_ms: 0.089986
  type: 'test'
  ...
# Subtest: capture rejection outside_authorized_hosts: {"url":"https://outside.example/orders"}
ok 113 - capture rejection outside_authorized_hosts: {"url":"https://outside.example/orders"}
  ---
  duration_ms: 5.527917
  type: 'test'
  ...
# Subtest: capture rejection invalid_tls_response_or_package: {"url":"https://user:pass@api.example.test/orders"}
ok 114 - capture rejection invalid_tls_response_or_package: {"url":"https://user:pass@api.example.test/orders"}
  ---
  duration_ms: 0.153313
  type: 'test'
  ...
# Subtest: capture rejection stale_or_invalid_timestamp: {"started_at":"2000-01-01T00:00:00Z"}
ok 115 - capture rejection stale_or_invalid_timestamp: {"started_at":"2000-01-01T00:00:00Z"}
  ---
  duration_ms: 0.177801
  type: 'test'
  ...
# Subtest: capture rejection stale_or_invalid_timestamp: {"started_at":"garbage"}
ok 116 - capture rejection stale_or_invalid_timestamp: {"started_at":"garbage"}
  ---
  duration_ms: 0.079521
  type: 'test'
  ...
# Subtest: current same-session allowed-host evidence accepted
ok 117 - current same-session allowed-host evidence accepted
  ---
  duration_ms: 0.163619
  type: 'test'
  ...
# Subtest: HTTPS scheme alone does not prove decrypted response
ok 118 - HTTPS scheme alone does not prove decrypted response
  ---
  duration_ms: 0.102155
  type: 'test'
  ...
# Subtest: raw normalizer preserves capture provenance
ok 119 - raw normalizer preserves capture provenance
  ---
  duration_ms: 1.83788
  type: 'test'
  ...
# Subtest: pretty-printed JSON is parsed as JSON, not line-delimited
ok 120 - pretty-printed JSON is parsed as JSON, not line-delimited
  ---
  duration_ms: 1.741288
  type: 'test'
  ...
# Subtest: partial last JSONL line deferred, not accepted
ok 121 - partial last JSONL line deferred, not accepted
  ---
  duration_ms: 0.309731
  type: 'test'
  ...
# Subtest: malformed completed JSONL line fails closed
ok 122 - malformed completed JSONL line fails closed
  ---
  duration_ms: 0.343102
  type: 'test'
  ...
# (node:3228) ExperimentalWarning: SQLite is an experimental feature and might change at any time
# (Use `node --trace-warnings ...` to show where the warning was created)
# Subtest: Appium Unicode fill clears first, conjunctively selects once, and does not echo secret
ok 123 - Appium Unicode fill clears first, conjunctively selects once, and does not echo secret
  ---
  duration_ms: 52.679691
  type: 'test'
  ...
# Subtest: Appium cache is separate for device AND mobile session; closing one does not close others
ok 124 - Appium cache is separate for device AND mobile session; closing one does not close others
  ---
  duration_ms: 38.667131
  type: 'test'
  ...
# Subtest: Appium HTTP200 W3C error is a failure, not success
ok 125 - Appium HTTP200 W3C error is a failure, not success
  ---
  duration_ms: 10.40954
  type: 'test'
  ...
# Subtest: Appium selector rejects 0 matches
ok 126 - Appium selector rejects 0 matches
  ---
  duration_ms: 157.280909
  type: 'test'
  ...
# Subtest: Appium selector rejects 2 matches
ok 127 - Appium selector rejects 2 matches
  ---
  duration_ms: 8.339322
  type: 'test'
  ...
# Subtest: XPath strings containing both quotation styles are encoded with concat
ok 128 - XPath strings containing both quotation styles are encoded with concat
  ---
  duration_ms: 9.925704
  type: 'test'
  ...
# Subtest: ADB passes one quoted remote-shell command; metacharacters are data, device is explicit
ok 129 - ADB passes one quoted remote-shell command; metacharacters are data, device is explicit
  ---
  duration_ms: 44.174567
  type: 'test'
  ...
# Subtest: ADB refuses lossy Unicode, literal %s, and unverifiable clear without Appium
ok 130 - ADB refuses lossy Unicode, literal %s, and unverifiable clear without Appium
  ---
  duration_ms: 0.482464
  type: 'test'
  ...
# Subtest: No implicit or ambiguous tap; invalid coordinates rejected before device I/O
ok 131 - No implicit or ambiguous tap; invalid coordinates rejected before device I/O
  ---
  duration_ms: 1.135457
  type: 'test'
  ...
# Subtest: Password UI nodes do not persist cleartext in normalized UI hierarchy
ok 132 - Password UI nodes do not persist cleartext in normalized UI hierarchy
  ---
  duration_ms: 0.718152
  type: 'test'
  ...
# Subtest: Proxy setup rejects a preexisting reverse mapping before changing settings
ok 133 - Proxy setup rejects a preexisting reverse mapping before changing settings
  ---
  duration_ms: 0.460299
  type: 'test'
  ...
# Subtest: Cleanup restores previous proxy and tolerates already-absent owned reverse mapping
ok 134 - Cleanup restores previous proxy and tolerates already-absent owned reverse mapping
  ---
  duration_ms: 0.425587
  type: 'test'
  ...
# Subtest: Cleanup refuses to delete an externally changed reverse mapping
ok 135 - Cleanup refuses to delete an externally changed reverse mapping
  ---
  duration_ms: 0.16466
  type: 'test'
  ...
# Subtest: Legacy non-strict ADB cold app launch retries foreground observation, not launch side effect
ok 136 - Legacy non-strict ADB cold app launch retries foreground observation, not launch side effect
  ---
  duration_ms: 300.748345
  type: 'test'
  ...
# Subtest: Legacy non-strict ADB am-start command error does not pass only because shell exit code is zero
ok 137 - Legacy non-strict ADB am-start command error does not pass only because shell exit code is zero
  ---
  duration_ms: 0.61838
  type: 'test'
  ...
# Subtest: Process cleanup cannot signal an unowned PID, even current process
ok 138 - Process cleanup cannot signal an unowned PID, even current process
  ---
  duration_ms: 0.26275
  type: 'test'
  ...
# Subtest: Process cleanup stops an actually owned child and is idempotent
ok 139 - Process cleanup stops an actually owned child and is idempotent
  ---
  duration_ms: 212.289746
  type: 'test'
  ...
# Subtest: Offline certificate provisioning is explicitly simulated without spawning mitmdump
ok 140 - Offline certificate provisioning is explicitly simulated without spawning mitmdump
  ---
  duration_ms: 0.383003
  type: 'test'
  ...
# Subtest: Android14 verification will not accept a same-named CA in inactive /system store
ok 141 - Android14 verification will not accept a same-named CA in inactive /system store
  ---
  duration_ms: 0.760446
  type: 'test'
  ...
# Subtest: UI → scan config preserves APK identity, signer, source, device and real action assertions
ok 142 - UI → scan config preserves APK identity, signer, source, device and real action assertions
  ---
  duration_ms: 0.606122
  type: 'test'
  ...
# Subtest: UI preflight blocks unauthorized
ok 143 - UI preflight blocks unauthorized
  ---
  duration_ms: 0.14474
  type: 'test'
  ...
# Subtest: UI preflight blocks disabled profile
ok 144 - UI preflight blocks disabled profile
  ---
  duration_ms: 0.101565
  type: 'test'
  ...
# Subtest: UI preflight blocks no APK
ok 145 - UI preflight blocks no APK
  ---
  duration_ms: 0.086883
  type: 'test'
  ...
# Subtest: UI preflight blocks unsigned APK
ok 146 - UI preflight blocks unsigned APK
  ---
  duration_ms: 0.081424
  type: 'test'
  ...
# Subtest: UI preflight blocks no device
ok 147 - UI preflight blocks no device
  ---
  duration_ms: 0.123297
  type: 'test'
  ...
# Subtest: UI preflight blocks no host scope
ok 148 - UI preflight blocks no host scope
  ---
  duration_ms: 0.104008
  type: 'test'
  ...
# Subtest: UI preflight blocks empty flow
ok 149 - UI preflight blocks empty flow
  ---
  duration_ms: 0.086322
  type: 'test'
  ...
# Subtest: UI preflight blocks wait-only
ok 150 - UI preflight blocks wait-only
  ---
  duration_ms: 0.087823
  type: 'test'
  ...
# Subtest: UI preflight blocks no assertion
ok 151 - UI preflight blocks no assertion
  ---
  duration_ms: 0.104789
  type: 'test'
  ...
# Subtest: UI preflight blocks invalid JSON
ok 152 - UI preflight blocks invalid JSON
  ---
  duration_ms: 0.106042
  type: 'test'
  ...
# Subtest: Mobile tool invocation redaction does not mutate executable input
ok 153 - Mobile tool invocation redaction does not mutate executable input
  ---
  duration_ms: 0.145892
  type: 'test'
  ...
# Subtest: device API level and ABIs come from actual driver reads, not profile display values
ok 154 - device API level and ABIs come from actual driver reads, not profile display values
  ---
  duration_ms: 0.207085
  type: 'test'
  ...
# Subtest: missing actual device capabilities fails closed
ok 155 - missing actual device capabilities fails closed
  ---
  duration_ms: 0.13099
  type: 'test'
  ...
# (node:3295) ExperimentalWarning: SQLite is an experimental feature and might change at any time
# (Use `node --trace-warnings ...` to show where the warning was created)
# Subtest: health updates preserve owned process and capture state
ok 156 - health updates preserve owned process and capture state
  ---
  duration_ms: 24.740261
  type: 'test'
  ...
# Subtest: unknown session update columns are rejected
ok 157 - unknown session update columns are rejected
  ---
  duration_ms: 15.09864
  type: 'test'
  ...
# Subtest: partial profile update cannot re-enable disabled profile
ok 158 - partial profile update cannot re-enable disabled profile
  ---
  duration_ms: 17.636641
  type: 'test'
  ...
# Subtest: invalid profile config rejected {"managed_proxy":"true"}
ok 159 - invalid profile config rejected {"managed_proxy":"true"}
  ---
  duration_ms: 13.822975
  type: 'test'
  ...
# Subtest: invalid profile config rejected {"capture_allowed_hosts":["https://api.example.test"]}
ok 160 - invalid profile config rejected {"capture_allowed_hosts":["https://api.example.test"]}
  ---
  duration_ms: 14.314875
  type: 'test'
  ...
# Subtest: invalid profile config rejected {"minimum_decrypted_flows":null}
ok 161 - invalid profile config rejected {"minimum_decrypted_flows":null}
  ---
  duration_ms: 13.308176
  type: 'test'
  ...
# Subtest: invalid profile config rejected {"device_wait_timeout_ms":null}
ok 162 - invalid profile config rejected {"device_wait_timeout_ms":null}
  ---
  duration_ms: 15.861973
  type: 'test'
  ...
# Subtest: invalid profile config rejected {"use_simulator":true}
ok 163 - invalid profile config rejected {"use_simulator":true}
  ---
  duration_ms: 15.880553
  type: 'test'
  ...
# Subtest: missing target manifest blocks before device side effects
ok 164 - missing target manifest blocks before device side effects
  ---
  duration_ms: 16.746972
  type: 'test'
  ...
# Subtest: a session-bound profile uses the selected device and unique capture path
ok 165 - a session-bound profile uses the selected device and unique capture path
  ---
  duration_ms: 18.01074
  type: 'test'
  ...
# Subtest: resource lease rejects a second session on the same device; releases correctly
ok 166 - resource lease rejects a second session on the same device; releases correctly
  ---
  duration_ms: 15.351144
  type: 'test'
  ...
# Subtest: single-session operation lock rejects overlapping action and is released after exception
ok 167 - single-session operation lock rejects overlapping action and is released after exception
  ---
  duration_ms: 0.273442
  type: 'test'
  ...
# Subtest: post-action observation failure persists a FAILED action, never completed
ok 168 - post-action observation failure persists a FAILED action, never completed
  ---
  duration_ms: 26.770136
  type: 'test'
  ...
# Subtest: selector/action exceptions persist failure records too
ok 169 - selector/action exceptions persist failure records too
  ---
  duration_ms: 35.209826
  type: 'test'
  ...
# Subtest: observation retry never repeats side-effecting tap
ok 170 - observation retry never repeats side-effecting tap
  ---
  duration_ms: 219.962997
  type: 'test'
  ...
# Subtest: empty flow invalidates previous successful flow and prevents false reuse
ok 171 - empty flow invalidates previous successful flow and prevents false reuse
  ---
  duration_ms: 16.367647
  type: 'test'
  ...
# Subtest: entire flow is validated before the first action
ok 172 - entire flow is validated before the first action
  ---
  duration_ms: 14.201421
  type: 'test'
  ...
# Subtest: flow stops on assertion failure and persists failed flow outcome
ok 173 - flow stops on assertion failure and persists failed flow outcome
  ---
  duration_ms: 25.306431
  type: 'test'
  ...
# Subtest: successful action cannot overwrite declared target package
ok 174 - successful action cannot overwrite declared target package
  ---
  duration_ms: 17.515536
  type: 'test'
  ...
# Subtest: strict capture does not trust caller-supplied flow objects
ok 175 - strict capture does not trust caller-supplied flow objects
  ---
  duration_ms: 13.703905
  type: 'test'
  ...
# Subtest: session-owned capture cannot be redirected to another export file
ok 176 - session-owned capture cannot be redirected to another export file
  ---
  duration_ms: 14.954995
  type: 'test'
  ...
# Subtest: stale/other-device capture generates zero recordings
ok 177 - stale/other-device capture generates zero recordings
  ---
  duration_ms: 18.28971
  type: 'test'
  ...
# [recording-audit] {"at":"2026-09-18T07:26:55.303Z","action":"recording_session_created","session_id":"a08d738e-cb83-454b-a01c-a98d384e2382","mode":"workflow","intent":"workflow_seed","source_tool":"internal_burp_mobile"}
# [recording-audit] {"at":"2026-09-18T07:26:55.304Z","session_id":"a08d738e-cb83-454b-a01c-a98d384e2382","action":"recording_session_created","actor":"internal_burp_mobile","target_type":"recording_session","target_id":"a08d738e-cb83-454b-a01c-a98d384e2382","status":"success","message":"Created recording session Mobile capture test.authorized.app 2026-09-18T07:26:55.302Z","details":{"mode":"workflow","intent":"workflow_seed","environment_id":null,"account_id":null,"target_field_count":2}}
# [recording-audit] {"at":"2026-09-18T07:26:55.312Z","action":"recording_draft_generated","duration_ms":4,"session_id":"a08d738e-cb83-454b-a01c-a98d384e2382","mode":"workflow","status":"completed"}
# [recording-audit] {"at":"2026-09-18T07:26:55.312Z","session_id":"a08d738e-cb83-454b-a01c-a98d384e2382","action":"recording_generation_completed","actor":"recording_service","target_type":"recording_session","target_id":"a08d738e-cb83-454b-a01c-a98d384e2382","status":"success","message":"Generated recording artifacts for Mobile capture test.authorized.app 2026-09-18T07:26:55.302Z","details":{"mode":"workflow","status":"completed"}}
# Subtest: session capture imports, sorts, deduplicates, generates and reuses one recording
ok 178 - session capture imports, sorts, deduplicates, generates and reuses one recording
  ---
  duration_ms: 31.990179
  type: 'test'
  ...
# [recording-audit] {"at":"2026-09-18T07:26:55.333Z","action":"recording_session_created","session_id":"5dfe74c5-6c4c-43cb-aeac-1696fe5e8dd7","mode":"workflow","intent":"workflow_seed","source_tool":"internal_burp_mobile"}
# [recording-audit] {"at":"2026-09-18T07:26:55.333Z","session_id":"5dfe74c5-6c4c-43cb-aeac-1696fe5e8dd7","action":"recording_session_created","actor":"internal_burp_mobile","target_type":"recording_session","target_id":"5dfe74c5-6c4c-43cb-aeac-1696fe5e8dd7","status":"success","message":"Created recording session Mobile capture test.authorized.app 2026-09-18T07:26:55.332Z","details":{"mode":"workflow","intent":"workflow_seed","environment_id":null,"account_id":null,"target_field_count":2}}
# [recording-audit] {"at":"2026-09-18T07:26:55.336Z","action":"recording_draft_generated","duration_ms":2,"session_id":"5dfe74c5-6c4c-43cb-aeac-1696fe5e8dd7","mode":"workflow","status":"completed"}
# [recording-audit] {"at":"2026-09-18T07:26:55.336Z","session_id":"5dfe74c5-6c4c-43cb-aeac-1696fe5e8dd7","action":"recording_generation_completed","actor":"recording_service","target_type":"recording_session","target_id":"5dfe74c5-6c4c-43cb-aeac-1696fe5e8dd7","status":"success","message":"Generated recording artifacts for Mobile capture test.authorized.app 2026-09-18T07:26:55.332Z","details":{"mode":"workflow","status":"completed"}}
# [recording-audit] {"at":"2026-09-18T07:26:55.339Z","action":"recording_draft_generated","duration_ms":1,"session_id":"5dfe74c5-6c4c-43cb-aeac-1696fe5e8dd7","mode":"workflow","status":"completed"}
# [recording-audit] {"at":"2026-09-18T07:26:55.339Z","session_id":"5dfe74c5-6c4c-43cb-aeac-1696fe5e8dd7","action":"recording_generation_completed","actor":"recording_service","target_type":"recording_session","target_id":"5dfe74c5-6c4c-43cb-aeac-1696fe5e8dd7","status":"success","message":"Generated recording artifacts for Mobile capture test.authorized.app 2026-09-18T07:26:55.332Z","details":{"mode":"workflow","status":"completed"}}
# Subtest: minimum draft failure can retry the SAME snapshot without orphan duplicate recordings
ok 179 - minimum draft failure can retry the SAME snapshot without orphan duplicate recordings
  ---
  duration_ms: 21.59257
  type: 'test'
  ...
# Subtest: stop restores previous proxy, preserves lifecycle details and is idempotent
ok 180 - stop restores previous proxy, preserves lifecycle details and is idempotent
  ---
  duration_ms: 14.843504
  type: 'test'
  ...
# Subtest: failed cleanup retains ownership and blocked status, not stopped
ok 181 - failed cleanup retains ownership and blocked status, not stopped
  ---
  duration_ms: 14.915982
  type: 'test'
  ...
# Subtest: agent session argument cannot cross the scan boundary
ok 182 - agent session argument cannot cross the scan boundary
  ---
  duration_ms: 15.324127
  type: 'test'
  ...
# Subtest: agent reads persisted scan mobile config, not a nonexistent context.scan
ok 183 - agent reads persisted scan mobile config, not a nonexistent context.scan
  ---
  duration_ms: 14.217393
  type: 'test'
  ...
# [recording-audit] {"at":"2026-09-18T07:26:55.421Z","action":"recording_session_created","session_id":"15c55037-969c-47bd-8532-aa6382e7190a","mode":"workflow","intent":"workflow_seed","source_tool":"internal_burp_mobile"}
# [recording-audit] {"at":"2026-09-18T07:26:55.421Z","session_id":"15c55037-969c-47bd-8532-aa6382e7190a","action":"recording_session_created","actor":"internal_burp_mobile","target_type":"recording_session","target_id":"15c55037-969c-47bd-8532-aa6382e7190a","status":"success","message":"Created recording session Mobile capture  2026-09-18T07:26:55.421Z","details":{"mode":"workflow","intent":"workflow_seed","environment_id":"c0e9de3e-ebea-49bb-8cf3-73a828c5ba8e","account_id":null,"target_field_count":2}}
# [recording-audit] {"at":"2026-09-18T07:26:55.424Z","action":"recording_draft_generated","duration_ms":1,"session_id":"15c55037-969c-47bd-8532-aa6382e7190a","mode":"workflow","status":"completed"}
# [recording-audit] {"at":"2026-09-18T07:26:55.424Z","session_id":"15c55037-969c-47bd-8532-aa6382e7190a","action":"recording_generation_completed","actor":"recording_service","target_type":"recording_session","target_id":"15c55037-969c-47bd-8532-aa6382e7190a","status":"success","message":"Generated recording artifacts for Mobile capture  2026-09-18T07:26:55.421Z","details":{"mode":"workflow","status":"completed"}}
# [recording-audit] {"at":"2026-09-18T07:26:55.428Z","action":"recording_promotion_success","draft_type":"workflow","source_draft_id":"b8da459f-97e6-4af1-be7c-9f816e1faf80","target_asset_id":"535c6bc7-4596-4a0a-802d-a944fef40a5e","session_id":"15c55037-969c-47bd-8532-aa6382e7190a"}
# [recording-audit] {"at":"2026-09-18T07:26:55.428Z","session_id":"15c55037-969c-47bd-8532-aa6382e7190a","action":"recording_workflow_published","actor":"automated-service-fixture","target_type":"workflow","target_id":"535c6bc7-4596-4a0a-802d-a944fef40a5e","status":"success","message":"Published workflow from draft Mobile capture  2026-09-18T07:26:55.421Z Workflow Draft","details":{"source_draft_id":"b8da459f-97e6-4af1-be7c-9f816e1faf80","step_count":1}}
# [DebugTrace] Started trace for workflow run_id=fc480935-fcc0-444e-94ad-d216caee385f
# [DebugTrace] Finished trace for workflow run_id=fc480935-fcc0-444e-94ad-d216caee385f, 1 requests, 0 errors
# [DebugTrace] Started trace for workflow run_id=135c7c51-98a7-459c-9831-9dc1776b4c6b
# [DebugTrace] Finished trace for workflow run_id=135c7c51-98a7-459c-9831-9dc1776b4c6b, 1 requests, 0 errors
# [DebugTrace] Started trace for workflow run_id=2b492ebe-0b9f-42f0-883d-416c5a12a54b
# [DebugTrace] Finished trace for workflow run_id=2b492ebe-0b9f-42f0-883d-416c5a12a54b, 1 requests, 0 errors
# Subtest: REAL SQL + local HTTP: mobile recording → publish → native replay → no fake finding → persisted Gate; assertion mismatch blocks
ok 184 - REAL SQL + local HTTP: mobile recording → publish → native replay → no fake finding → persisted Gate; assertion mismatch blocks
  ---
  duration_ms: 56.141257
  type: 'test'
  ...
# [recording-audit] {"at":"2026-09-18T07:26:55.480Z","action":"recording_session_created","session_id":"6335d8c5-ffb9-4ef6-92e0-5616d62ee9ec","mode":"workflow","intent":"workflow_seed","source_tool":"internal_burp_mobile"}
# [recording-audit] {"at":"2026-09-18T07:26:55.480Z","session_id":"6335d8c5-ffb9-4ef6-92e0-5616d62ee9ec","action":"recording_session_created","actor":"internal_burp_mobile","target_type":"recording_session","target_id":"6335d8c5-ffb9-4ef6-92e0-5616d62ee9ec","status":"success","message":"Created recording session Mobile capture test.authorized.app 2026-09-18T07:26:55.479Z","details":{"mode":"workflow","intent":"workflow_seed","environment_id":null,"account_id":null,"target_field_count":2}}
# [recording-audit] {"at":"2026-09-18T07:26:55.483Z","action":"recording_draft_generated","duration_ms":1,"session_id":"6335d8c5-ffb9-4ef6-92e0-5616d62ee9ec","mode":"workflow","status":"completed"}
# [recording-audit] {"at":"2026-09-18T07:26:55.483Z","session_id":"6335d8c5-ffb9-4ef6-92e0-5616d62ee9ec","action":"recording_generation_completed","actor":"recording_service","target_type":"recording_session","target_id":"6335d8c5-ffb9-4ef6-92e0-5616d62ee9ec","status":"success","message":"Generated recording artifacts for Mobile capture test.authorized.app 2026-09-18T07:26:55.479Z","details":{"mode":"workflow","status":"completed"}}
# Subtest: accepted capture evidence is immutable, available after stop, and detects tampering
ok 185 - accepted capture evidence is immutable, available after stop, and detects tampering
  ---
  duration_ms: 38.819169
  type: 'test'
  ...
# Subtest: strict standalone action without assertion fails before any side effect
ok 186 - strict standalone action without assertion fails before any side effect
  ---
  duration_ms: 16.344713
  type: 'test'
  ...
# (node:3334) ExperimentalWarning: SQLite is an experimental feature and might change at any time
# (Use `node --trace-warnings ...` to show where the warning was created)
# Subtest: verifier accepts a consistent SYNTHETIC protocol fixture (not hardware proof)
ok 187 - verifier accepts a consistent SYNTHETIC protocol fixture (not hardware proof)
  ---
  duration_ms: 29.969336
  type: 'test'
  ...
# Subtest: verifier rejects simulator, even when manifest hashes are recomputed
ok 188 - verifier rejects simulator, even when manifest hashes are recomputed
  ---
  duration_ms: 25.332006
  type: 'test'
  ...
# Subtest: verifier rejects empty flow, even when manifest hashes are recomputed
ok 189 - verifier rejects empty flow, even when manifest hashes are recomputed
  ---
  duration_ms: 19.148708
  type: 'test'
  ...
# Subtest: verifier rejects wrong device, even when manifest hashes are recomputed
ok 190 - verifier rejects wrong device, even when manifest hashes are recomputed
  ---
  duration_ms: 19.032439
  type: 'test'
  ...
# Subtest: verifier rejects old nonce, even when manifest hashes are recomputed
ok 191 - verifier rejects old nonce, even when manifest hashes are recomputed
  ---
  duration_ms: 11.797722
  type: 'test'
  ...
# Subtest: verifier rejects stale request, even when manifest hashes are recomputed
ok 192 - verifier rejects stale request, even when manifest hashes are recomputed
  ---
  duration_ms: 10.513346
  type: 'test'
  ...
# Subtest: verifier rejects fake vulnerability, even when manifest hashes are recomputed
ok 193 - verifier rejects fake vulnerability, even when manifest hashes are recomputed
  ---
  duration_ms: 11.207379
  type: 'test'
  ...
# Subtest: verifier rejects cleanup failure, even when manifest hashes are recomputed
ok 194 - verifier rejects cleanup failure, even when manifest hashes are recomputed
  ---
  duration_ms: 9.753192
  type: 'test'
  ...
# Subtest: verifier rejects foreign published workflow, even when manifest hashes are recomputed
ok 195 - verifier rejects foreign published workflow, even when manifest hashes are recomputed
  ---
  duration_ms: 16.485756
  type: 'test'
  ...
# Subtest: verifier detects post-run evidence tampering
ok 196 - verifier detects post-run evidence tampering
  ---
  duration_ms: 9.339259
  type: 'test'
  ...
# Subtest: real-device CLI refuses unauthorized execution; writes failed report, including nested new artifact path
ok 197 - real-device CLI refuses unauthorized execution; writes failed report, including nested new artifact path
  ---
  duration_ms: 73.289201
  type: 'test'
  ...
1..197
# tests 197
# suites 0
# pass 197
# fail 0
# cancelled 0
# skipped 0
# todo 0
# duration_ms 3859.046738
